// Jest Snapshot v1, https://goo.gl/fbAQLP

exports[`Home Search Params should render correctly and match snapshot 1`] = `
<div>
  <div
    class="css-csf0j1"
  >
    <div
      class="chakra-spinner css-1ll44wm"
    >
      <span
        class="css-8b45rq"
      >
        Loading...
      </span>
    </div>
  </div>
</div>
`;
