// Jest Snapshot v1, https://goo.gl/fbAQLP

exports[`My Book Shelf All Search Should render correctly snapshot 1`] = `<DocumentFragment />`;
