// Jest Snapshot v1, https://goo.gl/fbAQLP

exports[`Search Page Params Should render correctly snapshot 1`] = `<DocumentFragment />`;
