// Jest Snapshot v1, https://goo.gl/fbAQLP

exports[`Search Page Should render correctly snapshot 1`] = `<div />`;
