// Jest Snapshot v1, https://goo.gl/fbAQLP

exports[`Contribute Update Should render correctly snapshot 1`] = `<div />`;
