// Jest Snapshot v1, https://goo.gl/fbAQLP

exports[`SkeletonProfile Should render correctly snapshot 1`] = `
{
  "asFragment": [Function],
  "baseElement": <body>
    <div>
      <div
        class="css-3sxpgv"
      >
        <div
          class="css-1at2akz"
        >
          <div
            class="chakra-skeleton css-2vhxyl"
          />
          <div
            class="css-19pzbu8"
          >
            <div
              class="chakra-skeleton css-auucw8"
            />
          </div>
          <div
            class="css-c8hlhc"
          >
            <div
              class="chakra-skeleton css-1twr6wk"
            />
            <div
              class="chakra-skeleton css-1ndnqtz"
            />
          </div>
          <div
            class="css-18n5hek"
          >
            <div
              class="chakra-skeleton css-1twr6wk"
            />
            <div
              class="chakra-skeleton css-1twr6wk"
            />
          </div>
          <div
            class="chakra-skeleton css-kgib2j"
          />
          <div
            class="chakra-skeleton css-1h1xlyp"
          />
        </div>
      </div>
    </div>
  </body>,
  "container": <div>
    <div
      class="css-3sxpgv"
    >
      <div
        class="css-1at2akz"
      >
        <div
          class="chakra-skeleton css-2vhxyl"
        />
        <div
          class="css-19pzbu8"
        >
          <div
            class="chakra-skeleton css-auucw8"
          />
        </div>
        <div
          class="css-c8hlhc"
        >
          <div
            class="chakra-skeleton css-1twr6wk"
          />
          <div
            class="chakra-skeleton css-1ndnqtz"
          />
        </div>
        <div
          class="css-18n5hek"
        >
          <div
            class="chakra-skeleton css-1twr6wk"
          />
          <div
            class="chakra-skeleton css-1twr6wk"
          />
        </div>
        <div
          class="chakra-skeleton css-kgib2j"
        />
        <div
          class="chakra-skeleton css-1h1xlyp"
        />
      </div>
    </div>
  </div>,
  "debug": [Function],
  "findAllByAltText": [Function],
  "findAllByDisplayValue": [Function],
  "findAllByLabelText": [Function],
  "findAllByPlaceholderText": [Function],
  "findAllByRole": [Function],
  "findAllByTestId": [Function],
  "findAllByText": [Function],
  "findAllByTitle": [Function],
  "findByAltText": [Function],
  "findByDisplayValue": [Function],
  "findByLabelText": [Function],
  "findByPlaceholderText": [Function],
  "findByRole": [Function],
  "findByTestId": [Function],
  "findByText": [Function],
  "findByTitle": [Function],
  "getAllByAltText": [Function],
  "getAllByDisplayValue": [Function],
  "getAllByLabelText": [Function],
  "getAllByPlaceholderText": [Function],
  "getAllByRole": [Function],
  "getAllByTestId": [Function],
  "getAllByText": [Function],
  "getAllByTitle": [Function],
  "getByAltText": [Function],
  "getByDisplayValue": [Function],
  "getByLabelText": [Function],
  "getByPlaceholderText": [Function],
  "getByRole": [Function],
  "getByTestId": [Function],
  "getByText": [Function],
  "getByTitle": [Function],
  "queryAllByAltText": [Function],
  "queryAllByDisplayValue": [Function],
  "queryAllByLabelText": [Function],
  "queryAllByPlaceholderText": [Function],
  "queryAllByRole": [Function],
  "queryAllByTestId": [Function],
  "queryAllByText": [Function],
  "queryAllByTitle": [Function],
  "queryByAltText": [Function],
  "queryByDisplayValue": [Function],
  "queryByLabelText": [Function],
  "queryByPlaceholderText": [Function],
  "queryByRole": [Function],
  "queryByTestId": [Function],
  "queryByText": [Function],
  "queryByTitle": [Function],
  "rerender": [Function],
  "unmount": [Function],
}
`;
